// Jest Snapshot v1, https://goo.gl/fbAQLP

exports[`Should test Navbar component 1`] = `
<nav
  className="navigation"
>
  <Link
    className="brand-logo"
    to="/"
  >
    <img
      src="https://www.pinclipart.com/picdir/middle/86-862588_book-fair-clip-art.png"
      style={
        Object {
          "height": 50,
          "width": 60,
        }
      }
    />
  </Link>
  <button
    className="hamburger"
    id="hamburger"
    onClick={[Function]}
  >
    <svg
      className="h-5 w-5"
      fill="white"
      viewBox="0 0 20 20"
      xmlns="http://www.w3.org/2000/svg"
    >
      <path
        clipRule="evenodd"
        d="M3 5a1 1 0 011-1h12a1 1 0 110 2H4a1 1 0 01-1-1zM3 10a1 1 0 011-1h12a1 1 0 110 2H4a1 1 0 01-1-1zM9 15a1 1 0 011-1h6a1 1 0 110 2h-6a1 1 0 01-1-1z"
        fillRule="evenodd"
      />
    </svg>
  </button>
  <div
    className="navigation-menu"
  >
    <ul>
      <li>
        <Link
          id="add"
          onClick={[Function]}
          to="/add"
        >
          Add Booking
        </Link>
      </li>
      <br />
      <li>
        <Link
          id="update"
          onClick={[Function]}
          to="/update"
        >
          Update Booking
        </Link>
      </li>
      <br />
      <li>
        <Link
          id="delete"
          onClick={[Function]}
          to="/delete"
        >
          Delete Booking
        </Link>
      </li>
      <br />
    </ul>
  </div>
</nav>
`;
